// Jest Snapshot v1, https://goo.gl/fbAQLP

exports[`filterTypes should match a list of filteredTypes 1`] = `
[
  {
    "description": "A new feature",
    "name": "feat",
  },
  {
    "description": "Adding missing tests or correcting existing tests",
    "name": "test",
  },
  {
    "description": "Changes that affect the build system or external dependencies (example scopes: gulp, broccoli, npm)",
    "name": "build",
  },
  {
    "description": "A code change that neither fixes a bug nor adds a feature",
    "name": "refactor",
  },
  {
    "description": "Changes that do not affect the meaning of the code (white-space, formatting, missing semi-colons, etc)",
    "name": "style",
  },
]
`;
